Microsoft (R) Macro Assembler Version 6.11		    11/04/20 16:39:59
tempfile.asm						     Page 1 - 1


 0000				DATAS SEGMENT
				    ;此处输入数据段代码  
 0000				DATAS ENDS

 0000				STACKS SEGMENT
				    ;此处输入堆栈段代码
 0000 32			    PEOPLE DB 50
 0001 00			    INPUTLONG DB ?
 0002  0032 [			    INPUTDATA DB 50 DUP(?)
        00
       ]
 0034  0032 [			    RESULTDATA DB 50 DUP(?)
        00
       ]
 0066 0D 0A 24			    CR DB 0DH,0AH,'$' 
 0069				STACKS ENDS

 0000				CODES SEGMENT
				    ASSUME CS:CODES,DS:DATAS,SS:STACKS
 0000				START:
 0000  B8 ---- R		    MOV AX,DATAS
 0003  8E D8			    MOV DS,AX
				    ;此处输入代码段代码
				    ;键入数据
 0005  BA 0000 R		    MOV DX,OFFSET PEOPLE
 0008  B4 0A			    MOV AH,10
 000A  CD 21			    INT 21H
				    
				    ;换行
 000C  BA 0066 R		    MOV DX,OFFSET CR
 000F  B4 09			    MOV AH,9
 0011  CD 21			    INT 21H
				    
				    ;初始化
 0013  B9 0000			    MOV CX,0      ;判断数据
 0016  36: 8A 0E 0001 R		    MOV CL,INPUTLONG;记录实际输入字符串的长度
 001B  BB 0000			    MOV BX,0        ;将指针归零
				    
 001E				    DEAL:
 001E  36: 8A 87 0002 R		    MOV AL,INPUTDATA[BX]
 0023  3C 41			    CMP AL,41H
 0025  72 06			    JB NEXT
 0027  3C 5A			    CMP AL,5AH
 0029  77 02			    JA NEXT
 002B  04 20			    ADD AL,20H
				    
 002D				    NEXT:
 002D  36: 88 87 0034 R		    MOV RESULTDATA[BX],AL
 0032  43			    INC BX
 0033  E2 E9			    LOOP DEAL
				    
				    ;输出字符
 0035  BA 0034 R		    MOV DX,OFFSET RESULTDATA
 0038  B4 09			    MOV AH,9
 003A  CD 21			    INT 21H
				    
				    
				    
				    
				    
				    
 003C  B4 4C			    MOV AH,4CH
 003E  CD 21			    INT 21H
 0040				CODES ENDS
				    END START


Microsoft (R) Macro Assembler Version 6.11		    11/04/20 16:39:59
tempfile.asm						     Symbols 2 - 1




Segments and Groups:

                N a m e                 Size     Length   Align   Combine Class

CODES  . . . . . . . . . . . . .	16 Bit	 0040	  Para	  Private 
DATAS  . . . . . . . . . . . . .	16 Bit	 0000	  Para	  Private 
STACKS . . . . . . . . . . . . .	16 Bit	 0069	  Para	  Private 


Symbols:

                N a m e                 Type     Value    Attr

CR . . . . . . . . . . . . . . .	Byte	 0066	  STACKS	
DEAL . . . . . . . . . . . . . .	L Near	 001E	  CODES	
INPUTDATA  . . . . . . . . . . .	Byte	 0002	  STACKS	
INPUTLONG  . . . . . . . . . . .	Byte	 0001	  STACKS	
NEXT . . . . . . . . . . . . . .	L Near	 002D	  CODES	
PEOPLE . . . . . . . . . . . . .	Byte	 0000	  STACKS	
RESULTDATA . . . . . . . . . . .	Byte	 0034	  STACKS	
START  . . . . . . . . . . . . .	L Near	 0000	  CODES	

	   0 Warnings
	   0 Errors
